// Jest Snapshot v1, https://goo.gl/fbAQLP

exports[`CategoryMenu 1`] = `
<div>
  <Link
    href="/"
  >
    <a
      className="p-2 font-medium text-gray-800 w-full inline-block hover:bg-gray-100 hover:no-underline "
    >
      Blog
    </a>
  </Link>
  <Link
    href="/zenn"
  >
    <a
      className="p-2 font-medium text-gray-800 w-full inline-block hover:bg-gray-100 hover:no-underline "
    >
      Zenn
    </a>
  </Link>
  <Link
    href="/qiita"
  >
    <a
      className="p-2 font-medium text-gray-800 w-full inline-block hover:bg-gray-100 hover:no-underline "
    >
      Qiita
    </a>
  </Link>
</div>
`;
