// Jest Snapshot v1, https://goo.gl/fbAQLP

exports[`CategoryMenu 1`] = `
<div>
  <Link
    href="/"
  >
    <a
      className="p-2 font-medium text-gray-800 w-full inline-block hover:bg-gray-100 hover:no-underline "
    >
      All
    </a>
  </Link>
  <Link
    href="/categories/dev"
  >
    <a
      className="p-2 font-medium text-gray-800 w-full inline-block hover:bg-gray-100 hover:no-underline "
    >
      dev
    </a>
  </Link>
  <Link
    href="/categories/work"
  >
    <a
      className="p-2 font-medium text-gray-800 w-full inline-block hover:bg-gray-100 hover:no-underline "
    >
      work
    </a>
  </Link>
</div>
`;
