// Jest Snapshot v1, https://goo.gl/fbAQLP

exports[`Navbar 1`] = `
<nav
  className="relative"
>
  <div
    className="mx-1 inline-block"
  >
    <Link
      href="/posts/page/1"
    >
      <a
        className="bg-gray-100 border-gray-500 rounded-sm z-10 relative inline-flex items-center px-4 py-2 px-3 border border-gray-300 text-sm font-medium"
      >
        1
      </a>
    </Link>
  </div>
  <div
    className="mx-1 inline-block"
  >
    <Link
      href="/posts/page/2"
    >
      <a
        className=" rounded-sm z-10 relative inline-flex items-center px-4 py-2 px-3 border border-gray-300 text-sm font-medium"
      >
        2
      </a>
    </Link>
  </div>
  <div
    className="mx-1 inline-block"
  >
    <Link
      href="/posts/page/3"
    >
      <a
        className=" rounded-sm z-10 relative inline-flex items-center px-4 py-2 px-3 border border-gray-300 text-sm font-medium"
      >
        3
      </a>
    </Link>
  </div>
  <div
    className="mx-1 inline-block"
  >
    <Link
      href="/posts/page/4"
    >
      <a
        className=" rounded-sm z-10 relative inline-flex items-center px-4 py-2 px-3 border border-gray-300 text-sm font-medium"
      >
        4
      </a>
    </Link>
  </div>
  <div
    className="mx-1 inline-block"
  >
    <Link
      href="/posts/page/5"
    >
      <a
        className=" rounded-sm z-10 relative inline-flex items-center px-4 py-2 px-3 border border-gray-300 text-sm font-medium"
      >
        5
      </a>
    </Link>
  </div>
  <div
    className="mx-1 inline-block"
  >
    <Link
      href="/posts/page/6"
    >
      <a
        className=" rounded-sm z-10 relative inline-flex items-center px-4 py-2 px-3 border border-gray-300 text-sm font-medium"
      >
        6
      </a>
    </Link>
  </div>
</nav>
`;
