// Jest Snapshot v1, https://goo.gl/fbAQLP

exports[`PostsContainer 1`] = `
Array [
  <div
    className="flex flex-col	items-center"
  >
    <div
      style={
        Object {
          "boxSizing": "border-box",
          "display": "inline-block",
          "margin": 0,
          "maxWidth": "100%",
          "overflow": "hidden",
          "position": "relative",
        }
      }
    >
      <div
        style={
          Object {
            "boxSizing": "border-box",
            "display": "block",
            "maxWidth": "100%",
          }
        }
      >
        <img
          alt=""
          aria-hidden={true}
          role="presentation"
          src="data:image/svg+xml;base64,PHN2ZyB3aWR0aD0iMTAwIiBoZWlnaHQ9IjEwMCIgeG1sbnM9Imh0dHA6Ly93d3cudzMub3JnLzIwMDAvc3ZnIiB2ZXJzaW9uPSIxLjEiLz4="
          style={
            Object {
              "border": "none",
              "display": "block",
              "margin": 0,
              "maxWidth": "100%",
              "padding": 0,
            }
          }
        />
      </div>
      <img
        alt="Picture of the author"
        className="rounded-full"
        decoding="async"
        src="data:image/gif;base64,R0lGODlhAQABAIAAAAAAAP///yH5BAEAAAAALAAAAAABAAEAAAIBRAA7"
        style={
          Object {
            "border": "none",
            "bottom": 0,
            "boxSizing": "border-box",
            "display": "block",
            "height": 0,
            "left": 0,
            "margin": "auto",
            "maxHeight": "100%",
            "maxWidth": "100%",
            "minHeight": "100%",
            "minWidth": "100%",
            "objectFit": undefined,
            "objectPosition": undefined,
            "padding": 0,
            "position": "absolute",
            "right": 0,
            "top": 0,
            "visibility": "hidden",
            "width": 0,
          }
        }
      />
    </div>
    <p
      className="text-gray-500 mt-4"
    >
      Personal tech blog /
       
      <a
        className="underline"
        href="/about"
        onClick={[Function]}
        onMouseEnter={[Function]}
      >
        resume
      </a>
    </p>
  </div>,
  <div
    className="block sm:hidden grid grid-cols-3 mt-5 mb-8 text-center content-center"
  >
    <a
      className="m-auto font-medium text-gray-800 w-full pb-1 "
      href="/"
      onClick={[Function]}
      onMouseEnter={[Function]}
    >
      All
    </a>
    <a
      className="m-auto font-medium text-gray-800 w-full pb-1 "
      href="/categories/dev"
      onClick={[Function]}
      onMouseEnter={[Function]}
    >
      dev
    </a>
    <a
      className="m-auto font-medium text-gray-800 w-full pb-1 "
      href="/categories/work"
      onClick={[Function]}
      onMouseEnter={[Function]}
    >
      work
    </a>
  </div>,
  <hr
    className="my-5 hidden sm:block"
  />,
  <div
    className="grid grid-cols-6 gap-4"
  >
    <div
      className="hidden md:block"
    >
      <div>
        <a
          className="p-2 font-medium text-gray-800 w-full inline-block hover:bg-gray-100 hover:no-underline "
          href="/"
          onClick={[Function]}
          onMouseEnter={[Function]}
        >
          All
        </a>
        <a
          className="p-2 font-medium text-gray-800 w-full inline-block hover:bg-gray-100 hover:no-underline "
          href="/categories/dev"
          onClick={[Function]}
          onMouseEnter={[Function]}
        >
          dev
        </a>
        <a
          className="p-2 font-medium text-gray-800 w-full inline-block hover:bg-gray-100 hover:no-underline "
          href="/categories/work"
          onClick={[Function]}
          onMouseEnter={[Function]}
        >
          work
        </a>
      </div>
    </div>
    <div
      className="col-span-6 md:col-span-5"
    >
      <section>
        <ul>
          <li
            className="mb-6"
          >
            <a
              className="text-lg font-semibold text-gray-800 visited:text-gray-600"
              href="/posts/test-slug"
              onClick={[Function]}
              onMouseEnter={[Function]}
            >
              Test title
            </a>
            <br />
            <small
              className="text-sm font-normal text-gray-400"
            >
              <time
                dateTime="2021-04-17"
              >
                2021/04/17
              </time>
            </small>
          </li>
        </ul>
      </section>
    </div>
  </div>,
]
`;
