// Jest Snapshot v1, https://goo.gl/fbAQLP

exports[`PostsList 1`] = `
<section>
  <ul>
    <li
      className="mb-6"
    >
      <Link
        href="/posts/test-slug"
      >
        <a
          className="text-lg font-semibold text-gray-800 visited:text-gray-600"
        >
          Test title
        </a>
      </Link>
      <br />
      <small
        className="text-sm font-normal text-gray-400"
      >
        <Date
          dateString="2021-04-17"
        />
      </small>
    </li>
  </ul>
</section>
`;
