// Jest Snapshot v1, https://goo.gl/fbAQLP

exports[`profile 1`] = `
<div
  className="flex flex-col	items-center"
>
  <picture>
    <source
      srcSet="/images/profile.webp"
    />
    <Image
      alt="Picture of the author"
      className="rounded-full"
      height={100}
      src="/images/profile.webp"
      width={100}
    />
  </picture>
  <p
    className="text-gray-500 mt-4"
  >
    Personal tech blog /
     
    <Link
      href="/about"
    >
      <a
        className="underline"
      >
        resume
      </a>
    </Link>
  </p>
</div>
`;
